Could not open input file: vendor/phpunit/phpunit/phpunit
