
   FAIL  Tests\Feature\TemplateTest
  Γ¿» template fields are validated and normalized                         0.72s  
  ΓöÇΓöÇΓöÇΓöÇΓöÇΓöÇΓöÇΓöÇΓöÇΓöÇΓöÇΓöÇΓöÇΓöÇΓöÇΓöÇΓöÇΓöÇΓöÇΓöÇΓöÇΓöÇΓöÇΓöÇΓöÇΓöÇΓöÇΓöÇΓöÇΓöÇΓöÇΓöÇΓöÇΓöÇΓöÇΓöÇΓöÇΓöÇΓöÇΓöÇΓöÇΓöÇΓöÇΓöÇΓöÇΓöÇΓöÇΓöÇΓöÇΓöÇΓöÇΓöÇΓöÇΓöÇΓöÇΓöÇΓöÇΓöÇΓöÇΓöÇΓöÇΓöÇΓöÇΓöÇΓöÇΓöÇΓöÇΓöÇΓöÇΓöÇΓöÇΓöÇΓöÇΓöÇΓöÇΓöÇ  
   FAILED  Tests\Feature\TemplateTest > template fields are validatedΓÇª  Error   
  Class "Database\Factories\TemplateFactory" not found

  at vendor/laravel/framework/src/Illuminate/Database/Eloquent/Factories/Factory.php:871
    867Γûò     public static function factoryForModel(string $modelName)
    868Γûò     {
    869Γûò         $factory = static::resolveFactoryName($modelName);
    870Γûò 
  Γ₧£ 871Γûò         return $factory::new();
    872Γûò     }
    873Γûò 
    874Γûò     /**
    875Γûò      * Specify the callback that should be invoked to guess factory names based on dynamic relationship names.

      [2m+2 vendor frames [22m
  3   tests/Feature/TemplateTest.php:48


  Tests:    1 failed (0 assertions)
  Duration: 0.93s

